Creating an optimized production build...
Compiled successfully.

File sizes after gzip:

  72.7 kB  build\static\js\main.2df72ac0.js
  5.13 kB  build\static\css\main.feba7fc1.css

The project was built assuming it is hosted at ./.
You can control this with the homepage field in your package.json.

The build folder is ready to be deployed.

Find out more about deployment here:

  https://cra.link/deployment

